<html>
<body>
<pre>
<h1>�Vision Build Log</h1>
<h2>Tool Versions:</h2>
IDE-Version: ��Vision V5.39.0.0
Copyright (C) 2023 ARM Ltd and ARM Germany GmbH. All rights reserved.
License Information: A ADMdlc, A, LIC=EXJT4-F9CVR-30BNC-7UE6F-NP01M-RZZ9J
 
Tool Versions:
Toolchain:       MDK-ARM Plus  Version: 5.39.0.0
Toolchain Path:  D:\Keil_v5\ARM\ARMCC\Bin
C Compiler:      Armcc.exe V5.06 update 5 (build 528)
Assembler:       Armasm.exe V5.06 update 5 (build 528)
Linker/Locator:  ArmLink.exe V5.06 update 5 (build 528)
Library Manager: ArmAr.exe V5.06 update 5 (build 528)
Hex Converter:   FromElf.exe V5.06 update 5 (build 528)
CPU DLL:         SARMCM3.DLL V5.39.0.0
Dialog DLL:      DCM.DLL V1.17.5.0
Target DLL:      CMSIS_AGDI.dll V1.33.16.0
Dialog DLL:      TCM.DLL V1.56.4.0
 
<h2>Project:</h2>
C:\Users\12114\Desktop\STM32HEL\clone\IDE\F103\2-3_FreeRTOS_example_0\MDK-ARM\2-3_FreeRTOS_example_0.uvprojx
Project File Date:  04/25/2026

<h2>Output:</h2>
*** Using Compiler 'V5.06 update 5 (build 528)', folder: 'D:\Keil_v5\ARM\ARMCC\Bin'
Build target '2-3_FreeRTOS_example_0'
compiling stm32f1xx_it.c...
compiling freertos.c...
compiling spi.c...
compiling gpio.c...
compiling tim.c...
compiling i2c.c...
compiling usart.c...
compiling usb.c...
compiling stm32f1xx_hal_msp.c...
compiling main.c...
../BSP/Drivers/interface/Connectivity\i2c_driver.h(12): warning:  #47-D: incompatible redefinition of macro "I2C_MEMADD_SIZE_8BIT"  (declared at line 334 of "../Drivers/STM32F1xx_HAL_Driver/Inc/stm32f1xx_hal_i2c.h")
  #define I2C_MEMADD_SIZE_8BIT (0x00000001U)
../BSP/Drivers/interface/Connectivity\i2c_driver.h(13): warning:  #47-D: incompatible redefinition of macro "I2C_MEMADD_SIZE_16BIT"  (declared at line 335 of "../Drivers/STM32F1xx_HAL_Driver/Inc/stm32f1xx_hal_i2c.h")
  #define I2C_MEMADD_SIZE_16BIT (0x00000002U)
../Core/Src/main.c: 2 warnings, 0 errors
compiling can.c...
compiling dma.c...
compiling stm32f1xx_hal_timebase_tim.c...
compiling stm32f1xx_hal_gpio_ex.c...
compiling stm32f1xx_hal.c...
compiling stm32f1xx_hal_gpio.c...
compiling stm32f1xx_hal_rcc_ex.c...
compiling stm32f1xx_hal_pwr.c...
compiling stm32f1xx_hal_cortex.c...
compiling stm32f1xx_hal_rcc.c...
compiling stm32f1xx_hal_can.c...
compiling stm32f1xx_hal_tim_ex.c...
compiling stm32f1xx_hal_dma.c...
compiling croutine.c...
compiling stm32f1xx_hal_tim.c...
compiling event_groups.c...
compiling list.c...
compiling queue.c...
compiling stream_buffer.c...
compiling stm32f1xx_hal_flash.c...
compiling tasks.c...
compiling stm32f1xx_hal_flash_ex.c...
compiling timers.c...
compiling stm32f1xx_hal_exti.c...
compiling heap_4.c...
compiling stm32f1xx_hal_spi.c...
compiling stm32f1xx_hal_pcd_ex.c...
compiling system_stm32f1xx.c...
compiling stm32f1xx_hal_pcd.c...
compiling port.c...
compiling stm32f1xx_hal_uart.c...
compiling oled_drv_ssd1306.c...
compiling oled_font.c...
compiling oled_driver.c...
compiling stm32f1xx_hal_i2c.c...
compiling oled_i2c_bus.c...
..\BSP\Drivers\device\oled\bus\oled_i2c_bus.c(39): warning:  #223-D: function "malloc" declared implicitly
        (oled_i2c_bus_t *)malloc(sizeof(oled_i2c_bus_t));
..\BSP\Drivers\device\oled\bus\oled_i2c_bus.c: 1 warning, 0 errors
compiling oled_spi_bus.c...
compiling stm32f1xx_ll_usb.c...
compiling OLED_factory.c...
compiling BSP_init.c...
../BSP/Drivers/interface/Connectivity\i2c_driver.h(12): warning:  #47-D: incompatible redefinition of macro "I2C_MEMADD_SIZE_8BIT"  (declared at line 334 of "../Drivers/STM32F1xx_HAL_Driver/Inc/stm32f1xx_hal_i2c.h")
  #define I2C_MEMADD_SIZE_8BIT (0x00000001U)
../BSP/Drivers/interface/Connectivity\i2c_driver.h(13): warning:  #47-D: incompatible redefinition of macro "I2C_MEMADD_SIZE_16BIT"  (declared at line 335 of "../Drivers/STM32F1xx_HAL_Driver/Inc/stm32f1xx_hal_i2c.h")
  #define I2C_MEMADD_SIZE_16BIT (0x00000002U)
../Component/logger\elog_init.h(32): warning:  #1-D: last line of file ends without a newline
  #endif /* __ELOG_INIT_H__ */
..\BSP\BSP_init.c(34): warning:  #1215-D: #warning directive: "bsp_init: 未定义有效的目标平台，请检查TARGET_PLATFORM配置"
  #warning "bsp_init: 未定义有效的目标平台，请检查TARGET_PLATFORM配置"
..\BSP\BSP_init.c: 4 warnings, 0 errors
compiling cmsis_os2.c...
compiling stm32f103_board_v1.c...
../Drivers/STM32F1xx_HAL_Driver/Inc/stm32f1xx_hal_i2c.h(334): warning:  #47-D: incompatible redefinition of macro "I2C_MEMADD_SIZE_8BIT"  (declared at line 12 of "../BSP/Drivers/interface/Connectivity\i2c_driver.h")
  #define I2C_MEMADD_SIZE_8BIT            0x00000001U
../Drivers/STM32F1xx_HAL_Driver/Inc/stm32f1xx_hal_i2c.h(335): warning:  #47-D: incompatible redefinition of macro "I2C_MEMADD_SIZE_16BIT"  (declared at line 13 of "../BSP/Drivers/interface/Connectivity\i2c_driver.h")
  #define I2C_MEMADD_SIZE_16BIT           0x00000010U
..\BSP\Board\stm32f103_board\stm32f103_board_v1.c: 2 warnings, 0 errors
compiling gpio_factory.c...
../Drivers/STM32F1xx_HAL_Driver/Inc/stm32f1xx_hal_i2c.h(334): warning:  #47-D: incompatible redefinition of macro "I2C_MEMADD_SIZE_8BIT"  (declared at line 12 of "../BSP/Drivers/interface/Connectivity\i2c_driver.h")
  #define I2C_MEMADD_SIZE_8BIT            0x00000001U
../Drivers/STM32F1xx_HAL_Driver/Inc/stm32f1xx_hal_i2c.h(335): warning:  #47-D: incompatible redefinition of macro "I2C_MEMADD_SIZE_16BIT"  (declared at line 13 of "../BSP/Drivers/interface/Connectivity\i2c_driver.h")
  #define I2C_MEMADD_SIZE_16BIT           0x00000010U
..\BSP\Drivers\factory\connectivity\src\gpio_factory.c: 2 warnings, 0 errors
compiling spi_factory.c...
../BSP/Drivers/interface/Connectivity\i2c_driver.h(12): warning:  #47-D: incompatible redefinition of macro "I2C_MEMADD_SIZE_8BIT"  (declared at line 334 of "../Drivers/STM32F1xx_HAL_Driver/Inc/stm32f1xx_hal_i2c.h")
  #define I2C_MEMADD_SIZE_8BIT (0x00000001U)
../BSP/Drivers/interface/Connectivity\i2c_driver.h(13): warning:  #47-D: incompatible redefinition of macro "I2C_MEMADD_SIZE_16BIT"  (declared at line 335 of "../Drivers/STM32F1xx_HAL_Driver/Inc/stm32f1xx_hal_i2c.h")
  #define I2C_MEMADD_SIZE_16BIT (0x00000002U)
..\BSP\Drivers\factory\connectivity\src\spi_factory.c: 2 warnings, 0 errors
compiling i2c_factory.c...
../Drivers/STM32F1xx_HAL_Driver/Inc/stm32f1xx_hal_i2c.h(334): warning:  #47-D: incompatible redefinition of macro "I2C_MEMADD_SIZE_8BIT"  (declared at line 12 of "../BSP/Drivers/interface/Connectivity\i2c_driver.h")
  #define I2C_MEMADD_SIZE_8BIT            0x00000001U
../Drivers/STM32F1xx_HAL_Driver/Inc/stm32f1xx_hal_i2c.h(335): warning:  #47-D: incompatible redefinition of macro "I2C_MEMADD_SIZE_16BIT"  (declared at line 13 of "../BSP/Drivers/interface/Connectivity\i2c_driver.h")
  #define I2C_MEMADD_SIZE_16BIT           0x00000010U
..\BSP\Drivers\factory\connectivity\src\i2c_factory.c: 2 warnings, 0 errors
compiling usart_factory.c...
../BSP/Drivers/interface/Connectivity\i2c_driver.h(12): warning:  #47-D: incompatible redefinition of macro "I2C_MEMADD_SIZE_8BIT"  (declared at line 334 of "../Drivers/STM32F1xx_HAL_Driver/Inc/stm32f1xx_hal_i2c.h")
  #define I2C_MEMADD_SIZE_8BIT (0x00000001U)
../BSP/Drivers/interface/Connectivity\i2c_driver.h(13): warning:  #47-D: incompatible redefinition of macro "I2C_MEMADD_SIZE_16BIT"  (declared at line 335 of "../Drivers/STM32F1xx_HAL_Driver/Inc/stm32f1xx_hal_i2c.h")
  #define I2C_MEMADD_SIZE_16BIT (0x00000002U)
..\BSP\Drivers\factory\connectivity\src\usart_factory.c: 2 warnings, 0 errors
compiling timer_factory.c...
../Drivers/STM32F1xx_HAL_Driver/Inc/stm32f1xx_hal_i2c.h(334): warning:  #47-D: incompatible redefinition of macro "I2C_MEMADD_SIZE_8BIT"  (declared at line 12 of "../BSP/Drivers/interface/Connectivity\i2c_driver.h")
  #define I2C_MEMADD_SIZE_8BIT            0x00000001U
../Drivers/STM32F1xx_HAL_Driver/Inc/stm32f1xx_hal_i2c.h(335): warning:  #47-D: incompatible redefinition of macro "I2C_MEMADD_SIZE_16BIT"  (declared at line 13 of "../BSP/Drivers/interface/Connectivity\i2c_driver.h")
  #define I2C_MEMADD_SIZE_16BIT           0x00000010U
..\BSP\Drivers\factory\timer\src\timer_factory.c: 2 warnings, 0 errors
compiling pwm_factory.c...
../Drivers/STM32F1xx_HAL_Driver/Inc/stm32f1xx_hal_i2c.h(334): warning:  #47-D: incompatible redefinition of macro "I2C_MEMADD_SIZE_8BIT"  (declared at line 12 of "../BSP/Drivers/interface/Connectivity\i2c_driver.h")
  #define I2C_MEMADD_SIZE_8BIT            0x00000001U
../Drivers/STM32F1xx_HAL_Driver/Inc/stm32f1xx_hal_i2c.h(335): warning:  #47-D: incompatible redefinition of macro "I2C_MEMADD_SIZE_16BIT"  (declared at line 13 of "../BSP/Drivers/interface/Connectivity\i2c_driver.h")
  #define I2C_MEMADD_SIZE_16BIT           0x00000010U
..\BSP\Drivers\factory\connectivity\src\pwm_factory.c: 2 warnings, 0 errors
compiling stm32_gpio_driver.c...
../BSP/Drivers/interface/Connectivity\i2c_driver.h(12): warning:  #47-D: incompatible redefinition of macro "I2C_MEMADD_SIZE_8BIT"  (declared at line 334 of "../Drivers/STM32F1xx_HAL_Driver/Inc/stm32f1xx_hal_i2c.h")
  #define I2C_MEMADD_SIZE_8BIT (0x00000001U)
../BSP/Drivers/interface/Connectivity\i2c_driver.h(13): warning:  #47-D: incompatible redefinition of macro "I2C_MEMADD_SIZE_16BIT"  (declared at line 335 of "../Drivers/STM32F1xx_HAL_Driver/Inc/stm32f1xx_hal_i2c.h")
  #define I2C_MEMADD_SIZE_16BIT (0x00000002U)
..\BSP\Drivers\platform\stm32\Connectivity\gpio\stm32_gpio_driver.c: 2 warnings, 0 errors
compiling stm32_i2c_driver.c...
../BSP/Drivers/interface/Connectivity\i2c_driver.h(12): warning:  #47-D: incompatible redefinition of macro "I2C_MEMADD_SIZE_8BIT"  (declared at line 334 of "../Drivers/STM32F1xx_HAL_Driver/Inc/stm32f1xx_hal_i2c.h")
  #define I2C_MEMADD_SIZE_8BIT (0x00000001U)
../BSP/Drivers/interface/Connectivity\i2c_driver.h(13): warning:  #47-D: incompatible redefinition of macro "I2C_MEMADD_SIZE_16BIT"  (declared at line 335 of "../Drivers/STM32F1xx_HAL_Driver/Inc/stm32f1xx_hal_i2c.h")
  #define I2C_MEMADD_SIZE_16BIT (0x00000002U)
..\BSP\Drivers\platform\stm32\Connectivity\i2c\stm32_i2c_driver.c(102): warning:  #144-D: a value of type "int (*)(i2c_driver_t *, uint16_t, uint8_t *, uint16_t, uint32_t)" cannot be used to initialize an entity of type "int (*)(i2c_driver_t *, uint16_t, const uint8_t *, uint16_t, uint32_t)"
      .master_receive = stm32_i2c_master_receive,
..\BSP\Drivers\platform\stm32\Connectivity\i2c\stm32_i2c_driver.c(104): warning:  #144-D: a value of type "int (*)(i2c_driver_t *, uint16_t, uint8_t *, uint16_t)" cannot be used to initialize an entity of type "int (*)(i2c_driver_t *, uint16_t, const uint8_t *, uint16_t)"
      .master_receive_asyn = stm32_i2c_master_receive_asyn,
..\BSP\Drivers\platform\stm32\Connectivity\i2c\stm32_i2c_driver.c(107): warning:  #144-D: a value of type "int (*)(i2c_driver_t *, uint16_t, uint16_t, uint16_t, uint8_t *, uint16_t, uint32_t)" cannot be used to initialize an entity of type "int (*)(i2c_driver_t *, uint16_t, uint16_t, uint16_t, const uint8_t *, uint16_t, uint32_t)"
      .mem_write = stm32_i2c_mem_write,
..\BSP\Drivers\platform\stm32\Connectivity\i2c\stm32_i2c_driver.c(108): warning:  #144-D: a value of type "int (*)(i2c_driver_t *, uint16_t, uint16_t, uint16_t, uint8_t *, uint16_t, uint32_t)" cannot be used to initialize an entity of type "int (*)(i2c_driver_t *, uint16_t, uint16_t, uint16_t, const uint8_t *, uint16_t, uint32_t)"
      .mem_read = stm32_i2c_mem_read,
..\BSP\Drivers\platform\stm32\Connectivity\i2c\stm32_i2c_driver.c: 6 warnings, 0 errors
compiling uart_queue.c...
compiling stm32_sys.c...
..\BSP\Drivers\platform\stm32\System\Sys\stm32_sys.c(161): warning:  #1-D: last line of file ends without a newline
  }
..\BSP\Drivers\platform\stm32\System\Sys\stm32_sys.c: 1 warning, 0 errors
compiling ring_buffer.c...
compiling elog_port.c...
compiling pwm_led.c...
compiling motor_control.c...
..\Component\motor_control\motor_control.c(87): warning:  #1-D: last line of file ends without a newline
  }
..\Component\motor_control\motor_control.c: 1 warning, 0 errors
compiling ThreePhase_motor.c...
compiling elog_async.c...
compiling elog_buf.c...
compiling elog_utils.c...
compiling elog.c...
compiling test_led.c...
compiling test_framework.c...
compiling test_pwm_led.c...
compiling stm32_timer_driver.c...
../BSP/Drivers/interface/Connectivity\i2c_driver.h(12): warning:  #47-D: incompatible redefinition of macro "I2C_MEMADD_SIZE_8BIT"  (declared at line 334 of "../Drivers/STM32F1xx_HAL_Driver/Inc/stm32f1xx_hal_i2c.h")
  #define I2C_MEMADD_SIZE_8BIT (0x00000001U)
../BSP/Drivers/interface/Connectivity\i2c_driver.h(13): warning:  #47-D: incompatible redefinition of macro "I2C_MEMADD_SIZE_16BIT"  (declared at line 335 of "../Drivers/STM32F1xx_HAL_Driver/Inc/stm32f1xx_hal_i2c.h")
  #define I2C_MEMADD_SIZE_16BIT (0x00000002U)
..\BSP\Drivers\platform\stm32\Connectivity\timer\stm32_timer_driver.c: 2 warnings, 0 errors
compiling stm32_i2c_soft_driver.c...
../BSP/Drivers/interface/Connectivity\i2c_driver.h(12): warning:  #47-D: incompatible redefinition of macro "I2C_MEMADD_SIZE_8BIT"  (declared at line 334 of "../Drivers/STM32F1xx_HAL_Driver/Inc/stm32f1xx_hal_i2c.h")
  #define I2C_MEMADD_SIZE_8BIT (0x00000001U)
../BSP/Drivers/interface/Connectivity\i2c_driver.h(13): warning:  #47-D: incompatible redefinition of macro "I2C_MEMADD_SIZE_16BIT"  (declared at line 335 of "../Drivers/STM32F1xx_HAL_Driver/Inc/stm32f1xx_hal_i2c.h")
  #define I2C_MEMADD_SIZE_16BIT (0x00000002U)
..\BSP\Drivers\platform\stm32\Connectivity\i2c\stm32_i2c_soft_driver.c(346): warning:  #144-D: a value of type "int (*)(i2c_driver_t *, uint16_t, uint8_t *, uint16_t, uint32_t)" cannot be used to initialize an entity of type "int (*)(i2c_driver_t *, uint16_t, const uint8_t *, uint16_t, uint32_t)"
      .master_receive = stm32_soft_i2c_master_receive,
..\BSP\Drivers\platform\stm32\Connectivity\i2c\stm32_i2c_soft_driver.c(351): warning:  #144-D: a value of type "int (*)(i2c_driver_t *, uint16_t, uint16_t, uint16_t, uint8_t *, uint16_t, uint32_t)" cannot be used to initialize an entity of type "int (*)(i2c_driver_t *, uint16_t, uint16_t, uint16_t, const uint8_t *, uint16_t, uint32_t)"
      .mem_write = stm32_soft_i2c_mem_write,
..\BSP\Drivers\platform\stm32\Connectivity\i2c\stm32_i2c_soft_driver.c(352): warning:  #144-D: a value of type "int (*)(i2c_driver_t *, uint16_t, uint16_t, uint16_t, uint8_t *, uint16_t, uint32_t)" cannot be used to initialize an entity of type "int (*)(i2c_driver_t *, uint16_t, uint16_t, uint16_t, const uint8_t *, uint16_t, uint32_t)"
      .mem_read = stm32_soft_i2c_mem_read,
..\BSP\Drivers\platform\stm32\Connectivity\i2c\stm32_i2c_soft_driver.c: 5 warnings, 0 errors
compiling stm32_spi_driver.c...
../BSP/Drivers/interface/Connectivity\i2c_driver.h(12): warning:  #47-D: incompatible redefinition of macro "I2C_MEMADD_SIZE_8BIT"  (declared at line 334 of "../Drivers/STM32F1xx_HAL_Driver/Inc/stm32f1xx_hal_i2c.h")
  #define I2C_MEMADD_SIZE_8BIT (0x00000001U)
../BSP/Drivers/interface/Connectivity\i2c_driver.h(13): warning:  #47-D: incompatible redefinition of macro "I2C_MEMADD_SIZE_16BIT"  (declared at line 335 of "../Drivers/STM32F1xx_HAL_Driver/Inc/stm32f1xx_hal_i2c.h")
  #define I2C_MEMADD_SIZE_16BIT (0x00000002U)
..\BSP\Drivers\platform\stm32\Connectivity\spi\stm32_spi_driver.c: 2 warnings, 0 errors
compiling stm32_usart_driver.c...
../BSP/Drivers/interface/Connectivity\i2c_driver.h(12): warning:  #47-D: incompatible redefinition of macro "I2C_MEMADD_SIZE_8BIT"  (declared at line 334 of "../Drivers/STM32F1xx_HAL_Driver/Inc/stm32f1xx_hal_i2c.h")
  #define I2C_MEMADD_SIZE_8BIT (0x00000001U)
../BSP/Drivers/interface/Connectivity\i2c_driver.h(13): warning:  #47-D: incompatible redefinition of macro "I2C_MEMADD_SIZE_16BIT"  (declared at line 335 of "../Drivers/STM32F1xx_HAL_Driver/Inc/stm32f1xx_hal_i2c.h")
  #define I2C_MEMADD_SIZE_16BIT (0x00000002U)
..\BSP\Drivers\platform\stm32\Connectivity\usart\stm32_usart_driver.c: 2 warnings, 0 errors
compiling elog_init.c...
compiling stm32_pwm_driver.c...
../BSP/Drivers/interface/Connectivity\i2c_driver.h(12): warning:  #47-D: incompatible redefinition of macro "I2C_MEMADD_SIZE_8BIT"  (declared at line 334 of "../Drivers/STM32F1xx_HAL_Driver/Inc/stm32f1xx_hal_i2c.h")
  #define I2C_MEMADD_SIZE_8BIT (0x00000001U)
../BSP/Drivers/interface/Connectivity\i2c_driver.h(13): warning:  #47-D: incompatible redefinition of macro "I2C_MEMADD_SIZE_16BIT"  (declared at line 335 of "../Drivers/STM32F1xx_HAL_Driver/Inc/stm32f1xx_hal_i2c.h")
  #define I2C_MEMADD_SIZE_16BIT (0x00000002U)
..\BSP\Drivers\platform\stm32\Connectivity\pwm\stm32_pwm_driver.c(103): warning:  #940-D: missing return statement at end of non-void function "_stm32_pwm_set_duty_max" 
  }
..\BSP\Drivers\platform\stm32\Connectivity\pwm\stm32_pwm_driver.c: 3 warnings, 0 errors
compiling user_task.c...
../BSP/Drivers/interface/Connectivity\i2c_driver.h(12): warning:  #47-D: incompatible redefinition of macro "I2C_MEMADD_SIZE_8BIT"  (declared at line 334 of "../Drivers/STM32F1xx_HAL_Driver/Inc/stm32f1xx_hal_i2c.h")
  #define I2C_MEMADD_SIZE_8BIT (0x00000001U)
../BSP/Drivers/interface/Connectivity\i2c_driver.h(13): warning:  #47-D: incompatible redefinition of macro "I2C_MEMADD_SIZE_16BIT"  (declared at line 335 of "../Drivers/STM32F1xx_HAL_Driver/Inc/stm32f1xx_hal_i2c.h")
  #define I2C_MEMADD_SIZE_16BIT (0x00000002U)
..\UserAPP\user_task.c: 2 warnings, 0 errors
linking...
Program Size: Code=45100 RO-data=1780 RW-data=264 ZI-data=14016  
FromELF: creating hex file...
"2-3_FreeRTOS_example_0\2-3_FreeRTOS_example_0.axf" - 0 Error(s), 47 Warning(s).

<h2>Software Packages used:</h2>

Package Vendor: ARM
                http://www.keil.com/pack/ARM.CMSIS.5.9.0.pack
                ARM::CMSIS@5.9.0
                CMSIS (Common Microcontroller Software Interface Standard)
   * Component: CORE Version: 5.6.0

Package Vendor: Keil
                http://www.keil.com/pack/Keil.STM32F1xx_DFP.2.2.0.pack
                Keil::STM32F1xx_DFP@2.2.0
                STMicroelectronics STM32F1 Series Device Support, Drivers and Examples

<h2>Collection of Component include folders:</h2>
  ./RTE/_2-3_FreeRTOS_example_0
  D:/Keil_v5/ARM/PACK/ARM/CMSIS/5.9.0/CMSIS/Core/Include
  D:/Keil_v5/ARM/PACK/Keil/STM32F1xx_DFP/2.2.0/Device/Include

<h2>Collection of Component Files used:</h2>

   * Component: ARM::CMSIS:CORE@5.6.0
      Include file:  CMSIS/Core/Include/tz_context.h
Build Time Elapsed:  00:00:11
</pre>
</body>
</html>
